[15:28:36.475 t+     1ms] GONDOLIN_SESSIONS_DIR=/tmp/gsess
[15:28:36.476 t+     1ms] CORB_STATE_DIR=/tmp/corb-spike-m04/state
[15:28:36.478 t+     3ms] image: selector=corb:0.1.0 buildId=8b79a869-e2c3-56ce-9ec9-91ef108802be arch=x86_64
[15:28:36.478 t+     3ms] assetDir=/home/dario/.cache/gondolin/images/objects/8b79a869-e2c3-56ce-9ec9-91ef108802be
[15:28:36.565 t+    90ms] VM.create() returned, id=75fd7f99-2f29-4c64-b6f4-307582633a20 hostPid=null
[15:29:10.084 t+ 33609ms]   boot warm-up exec: resolved after 33457ms
[15:29:10.084 t+ 33609ms] guest is up; warm-up stdout="boot-warmup\n" hostPid=515368
[15:29:10.084 t+ 33609ms] 
[15:29:10.084 t+ 33609ms] ================ SHAPE A (plain /bin/sh + pty): ["/bin/sh"] ================
[15:29:10.085 t+ 33610ms]   execPressure(before any exec) = 0
[15:29:10.085 t+ 33610ms] long exec issued (id=5); proving it is alive before anything else
[15:29:10.136 t+ 33661ms]   long exec alive: true
[15:29:10.137 t+ 33662ms]   execPressure(long exec running) = 1
[15:29:10.137 t+ 33662ms] MEASUREMENT 1 — second one-shot vm.exec() while the long exec runs
[15:29:10.137 t+ 33662ms]   execPressure(immediately after issuing the second exec) = 1
[15:29:10.142 t+ 33667ms]   second one-shot exec: resolved after 5ms
[15:29:10.142 t+ 33667ms]   exitCode=0 stdout="SECOND_ONESHOT_9483760E\n"
[15:29:10.142 t+ 33667ms]   execPressure(after the second exec finished) = 1
[15:29:10.142 t+ 33667ms] MEASUREMENT 1b — four concurrent 3s sleeps alongside the long exec: parallel or serialised?
[15:29:10.894 t+ 34419ms]   execPressure(long exec + 4 sleeps, sampled 750ms in) = 5
[15:29:13.155 t+ 36680ms]   four concurrent 3s sleeps: resolved after 2261ms
[15:29:13.155 t+ 36680ms]   wall clock for 4x 'sleep 3': 3013ms (parallel ~3000ms, serialised ~12000ms)
[15:29:13.155 t+ 36680ms]   exit codes: [0,0,0,0]
[15:29:13.155 t+ 36680ms] MEASUREMENT 5 — waitForExecIdle() and vm.fs while the long exec is still running
[15:29:19.156 t+ 42681ms]   waitForExecIdle() with the long exec running: timeout after 6000ms
[15:29:25.157 t+ 48682ms]   vm.fs.readFile() with the long exec running: timeout after 6001ms
[15:29:25.164 t+ 48689ms]   vm.fs.stat() with the long exec running (exec-backed, not file-op-backed): resolved after 6ms
[15:29:25.164 t+ 48689ms]     stat -> {"dev":64768,"mode":33188,"nlink":1,"uid":0,"gid":0,"rdev":0,"blksize":512,"ino":126,"size":10,"blocks":8,"atimeMs":1788077795000,"mtimeMs":1788077795000,"ctimeMs":1788077795000,"birthtimeMs":1788077795000,"atime":"2026-08-30T08:16:35.000Z","mtime":"2026-08-30T08:16:35.000Z","ctime":"2026-08-30T08:16:35.000Z","birthtime":"2026-08-30T08:16:35.000Z"}
[15:29:25.164 t+ 48689ms] MEASUREMENT 4 — second exec with pty: true + stdin: true (what `corb attach` wants)
[15:29:25.164 t+ 48689ms]   execPressure(two interactive execs live) = 1
[15:29:25.214 t+ 48739ms]   second pty exec produced its own marker: true
[15:29:25.215 t+ 48740ms]   second pty exec captured output: "$ \u001b[6necho SECOND_PTY_521C6587\r\nSECOND_PTY_521C6587\r\n$ \u001b[6n"
[15:29:25.266 t+ 48791ms]   second pty exec second round-trip: true
[15:29:25.266 t+ 48791ms]   execPressure(two interactive execs, both confirmed live) = 2
[15:29:25.266 t+ 48791ms] MEASUREMENT 3 — first exec still alive while the second interactive exec is live
[15:29:25.317 t+ 48842ms]   first exec answered a fresh command while the second was live: true
[15:29:25.317 t+ 48842ms]   first exec settled? no — still running
[15:29:25.317 t+ 48842ms]   CROSS-TALK: {"secondPtyMarkerLeakedIntoFirst":false,"oneShotMarkerLeakedIntoFirst":false,"firstMarkersLeakedIntoSecond":false}
[15:29:25.317 t+ 48842ms]   first exec output since the probe started: "echo LONG_STILL_ALIVE_227E4E11\r\nLONG_STILL_ALIVE_227E4E11\r\n# \u001b[6n"
[15:29:25.341 t+ 48866ms]   second pty exec exit: resolved after 23ms
[15:29:25.341 t+ 48866ms]   second pty exec exitCode=0
[15:29:25.341 t+ 48866ms]   execPressure(after the second pty exec exited) = 1
[15:29:25.392 t+ 48917ms]   first exec still answering after the second exec exited: true
[15:29:25.416 t+ 48941ms]   long exec exit: resolved after 24ms
[15:29:25.416 t+ 48941ms]   long exec exitCode=0
[15:29:25.416 t+ 48941ms]   execPressure(no execs running) = 0
[15:29:25.416 t+ 48941ms]   waitForExecIdle() with nothing running: resolved after 0ms
[15:29:25.420 t+ 48945ms]   vm.fs.readFile() with nothing running: resolved after 3ms
[15:29:25.420 t+ 48945ms]     readFile -> "localhost\n"
[15:29:25.420 t+ 48945ms] 
[15:29:25.420 t+ 48945ms] ================ SHAPE B (dropcap 1000 1000 /bin/sh + pty — production's wrapper): ["/usr/local/bin/dropcap","1000","1000","/bin/sh"] ================
[15:29:25.420 t+ 48945ms]   execPressure(before any exec) = 0
[15:29:25.420 t+ 48945ms] long exec issued (id=13); proving it is alive before anything else
[15:29:25.471 t+ 48996ms]   long exec alive: true
[15:29:25.471 t+ 48996ms]   execPressure(long exec running) = 1
[15:29:25.471 t+ 48996ms] MEASUREMENT 1 — second one-shot vm.exec() while the long exec runs
[15:29:25.471 t+ 48996ms]   execPressure(immediately after issuing the second exec) = 1
[15:29:25.476 t+ 49001ms]   second one-shot exec: resolved after 5ms
[15:29:25.476 t+ 49001ms]   exitCode=0 stdout="SECOND_ONESHOT_4DBC9534\n"
[15:29:25.476 t+ 49001ms]   execPressure(after the second exec finished) = 1
[15:29:25.476 t+ 49001ms] MEASUREMENT 1b — four concurrent 3s sleeps alongside the long exec: parallel or serialised?
[15:29:26.227 t+ 49752ms]   execPressure(long exec + 4 sleeps, sampled 750ms in) = 5
[15:29:28.492 t+ 52017ms]   four concurrent 3s sleeps: resolved after 2265ms
[15:29:28.492 t+ 52017ms]   wall clock for 4x 'sleep 3': 3016ms (parallel ~3000ms, serialised ~12000ms)
[15:29:28.492 t+ 52017ms]   exit codes: [0,0,0,0]
[15:29:28.492 t+ 52017ms] MEASUREMENT 5 — waitForExecIdle() and vm.fs while the long exec is still running
[15:29:34.491 t+ 58016ms]   waitForExecIdle() with the long exec running: timeout after 5999ms
[15:29:40.491 t+ 64016ms]   vm.fs.readFile() with the long exec running: timeout after 5999ms
[15:29:40.500 t+ 64025ms]   vm.fs.stat() with the long exec running (exec-backed, not file-op-backed): resolved after 9ms
[15:29:40.500 t+ 64025ms]     stat -> {"dev":64768,"mode":33188,"nlink":1,"uid":0,"gid":0,"rdev":0,"blksize":512,"ino":126,"size":10,"blocks":8,"atimeMs":1788103765000,"mtimeMs":1788077795000,"ctimeMs":1788077795000,"birthtimeMs":1788077795000,"atime":"2026-08-30T15:29:25.000Z","mtime":"2026-08-30T08:16:35.000Z","ctime":"2026-08-30T08:16:35.000Z","birthtime":"2026-08-30T08:16:35.000Z"}
[15:29:40.500 t+ 64025ms] MEASUREMENT 4 — second exec with pty: true + stdin: true (what `corb attach` wants)
[15:29:40.501 t+ 64026ms]   execPressure(two interactive execs live) = 1
[15:29:40.551 t+ 64076ms]   second pty exec produced its own marker: true
[15:29:40.551 t+ 64076ms]   second pty exec captured output: "echo SECOND_PTY_0FCCC478\r\n$ echo SECOND_PTY_0FCCC478\r\nSECOND_PTY_0FCCC478\r\n$ \u001b[6n"
[15:29:40.601 t+ 64126ms]   second pty exec second round-trip: true
[15:29:40.601 t+ 64126ms]   execPressure(two interactive execs, both confirmed live) = 2
[15:29:40.601 t+ 64126ms] MEASUREMENT 3 — first exec still alive while the second interactive exec is live
[15:29:40.652 t+ 64177ms]   first exec answered a fresh command while the second was live: true
[15:29:40.652 t+ 64177ms]   first exec settled? no — still running
[15:29:40.652 t+ 64177ms]   CROSS-TALK: {"secondPtyMarkerLeakedIntoFirst":false,"oneShotMarkerLeakedIntoFirst":false,"firstMarkersLeakedIntoSecond":false}
[15:29:40.652 t+ 64177ms]   first exec output since the probe started: "echo LONG_STILL_ALIVE_C328F206\r\nLONG_STILL_ALIVE_C328F206\r\n# \u001b[6n"
[15:29:40.676 t+ 64201ms]   second pty exec exit: resolved after 24ms
[15:29:40.676 t+ 64201ms]   second pty exec exitCode=0
[15:29:40.676 t+ 64201ms]   execPressure(after the second pty exec exited) = 1
[15:29:40.727 t+ 64252ms]   first exec still answering after the second exec exited: true
[15:29:40.751 t+ 64276ms]   long exec exit: resolved after 24ms
[15:29:40.751 t+ 64276ms]   long exec exitCode=0
[15:29:40.751 t+ 64276ms]   execPressure(no execs running) = 0
[15:29:40.751 t+ 64276ms]   waitForExecIdle() with nothing running: resolved after 0ms
[15:29:40.754 t+ 64279ms]   vm.fs.readFile() with nothing running: resolved after 3ms
[15:29:40.754 t+ 64279ms]     readFile -> "localhost\n"
[15:29:40.754 t+ 64279ms] 
[15:29:40.754 t+ 64279ms] closing VM
[15:29:40.818 t+ 64343ms] VM closed
[15:29:40.818 t+ 64343ms] 
[15:29:40.818 t+ 64343ms] ================ SUMMARY ================
[
  {
    "name": "A (plain /bin/sh + pty)",
    "longAlive": true,
    "secondOneShot": {
      "outcome": "resolved",
      "ms": 5,
      "exitCode": 0,
      "stdout": "SECOND_ONESHOT_9483760E"
    },
    "secondPty": {
      "firstMarker": true,
      "secondMarker": true,
      "exit": "resolved",
      "exitCode": 0
    },
    "firstSurvives": {
      "whileSecondLive": true,
      "afterSecondExited": true,
      "settledEarly": {
        "outcome": "resolved",
        "exitCode": 0
      }
    },
    "crossTalk": {
      "secondPtyMarkerLeakedIntoFirst": false,
      "oneShotMarkerLeakedIntoFirst": false,
      "firstMarkersLeakedIntoSecond": false
    },
    "parallelism": {
      "wallMsForFourConcurrent3sSleeps": 3013,
      "pressureDuringSleeps": 5,
      "outcome": "resolved"
    },
    "execPressure": {
      "longRunning": 1,
      "sampledRaceyRightAfterIssuingSecond": 1,
      "afterSecond": 1,
      "longPlusFourSleeps": 5,
      "twoInteractiveSampledRacey": 1,
      "twoInteractiveBothConfirmedLive": 2,
      "afterPtyExit": 1,
      "idle": 0
    },
    "waitForExecIdle": {
      "whileBusy": "timeout",
      "whenIdle": "resolved"
    },
    "vmFs": {
      "readFileWhileBusy": "timeout",
      "statWhileBusy": "resolved",
      "readFileWhenIdle": "resolved"
    }
  },
  {
    "name": "B (dropcap 1000 1000 /bin/sh + pty — production's wrapper)",
    "longAlive": true,
    "secondOneShot": {
      "outcome": "resolved",
      "ms": 5,
      "exitCode": 0,
      "stdout": "SECOND_ONESHOT_4DBC9534"
    },
    "secondPty": {
      "firstMarker": true,
      "secondMarker": true,
      "exit": "resolved",
      "exitCode": 0
    },
    "firstSurvives": {
      "whileSecondLive": true,
      "afterSecondExited": true,
      "settledEarly": {
        "outcome": "resolved",
        "exitCode": 0
      }
    },
    "crossTalk": {
      "secondPtyMarkerLeakedIntoFirst": false,
      "oneShotMarkerLeakedIntoFirst": false,
      "firstMarkersLeakedIntoSecond": false
    },
    "parallelism": {
      "wallMsForFourConcurrent3sSleeps": 3016,
      "pressureDuringSleeps": 5,
      "outcome": "resolved"
    },
    "execPressure": {
      "longRunning": 1,
      "sampledRaceyRightAfterIssuingSecond": 1,
      "afterSecond": 1,
      "longPlusFourSleeps": 5,
      "twoInteractiveSampledRacey": 1,
      "twoInteractiveBothConfirmedLive": 2,
      "afterPtyExit": 1,
      "idle": 0
    },
    "waitForExecIdle": {
      "whileBusy": "timeout",
      "whenIdle": "resolved"
    },
    "vmFs": {
      "readFileWhileBusy": "timeout",
      "statWhileBusy": "resolved",
      "readFileWhenIdle": "resolved"
    }
  }
]
